// Jest Snapshot v1, https://goo.gl/fbAQLP

exports[`errorMessage returns an error message for valid code 1`] = `"The camel walks on a leg"`;

exports[`errorMessage returns an error message for valid code 2`] = `"Rabbits don't eat carrots"`;

exports[`errorMessage returns an error message for valid code 3`] = `"Cats don't eat mouses"`;

exports[`errorMessage throws an error if the code is not valid 1`] = `"No error messages for that code"`;
